[autodl] run_id=20260912-195007-tovd-t013-native-assets
[autodl] started_at=2026-09-12T19:50:15+08:00
Collecting timm==0.6.13
  Downloading timm-0.6.13-py3-none-any.whl.metadata (38 kB)
Collecting addict==2.4.0
  Using cached addict-2.4.0-py3-none-any.whl.metadata (1.0 kB)
Collecting yapf==0.40.1
  Downloading yapf-0.40.1-py3-none-any.whl.metadata (35 kB)
Requirement already satisfied: torch>=1.7 in /home/wenchang/anaconda3/envs/python3.12-tk2-2.3/lib/python3.12/site-packages (from timm==0.6.13) (2.4.0)
Requirement already satisfied: torchvision in /home/wenchang/asdasdsad/wjq/TOVD/shared/t013/venv/lib/python3.12/site-packages (from timm==0.6.13) (0.19.0+cu121)
Requirement already satisfied: pyyaml in /home/wenchang/asdasdsad/wjq/TOVD/shared/t013/venv/lib/python3.12/site-packages (from timm==0.6.13) (6.0.3)
Requirement already satisfied: huggingface-hub in /home/wenchang/asdasdsad/wjq/TOVD/shared/t013/venv/lib/python3.12/site-packages (from timm==0.6.13) (0.24.7)
Collecting importlib-metadata>=6.6.0 (from yapf==0.40.1)
  Downloading importlib_metadata-9.0.1-py3-none-any.whl.metadata (4.5 kB)
Collecting platformdirs>=3.5.1 (from yapf==0.40.1)
  Downloading platformdirs-4.11.8-py3-none-any.whl.metadata (5.5 kB)
Collecting tomli>=2.0.1 (from yapf==0.40.1)
  Downloading tomli-2.4.1-cp312-cp312-manylinux2014_x86_64.manylinux_2_17_x86_64.manylinux_2_28_x86_64.whl.metadata (10 kB)
Collecting zipp>=3.20 (from importlib-metadata>=6.6.0->yapf==0.40.1)
  Downloading zipp-4.1.0-py3-none-any.whl.metadata (3.6 kB)
Requirement already satisfied: filelock in /home/wenchang/anaconda3/envs/python3.12-tk2-2.3/lib/python3.12/site-packages (from torch>=1.7->timm==0.6.13) (3.24.2)
Requirement already satisfied: typing-extensions>=4.8.0 in /home/wenchang/anaconda3/envs/python3.12-tk2-2.3/lib/python3.12/site-packages (from torch>=1.7->timm==0.6.13) (4.15.0)
Requirement already satisfied: sympy in /home/wenchang/anaconda3/envs/python3.12-tk2-2.3/lib/python3.12/site-packages (from torch>=1.7->timm==0.6.13) (1.14.0)
Requirement already satisfied: networkx in /home/wenchang/anaconda3/envs/python3.12-tk2-2.3/lib/python3.12/site-packages (from torch>=1.7->timm==0.6.13) (3.6.1)
Requirement already satisfied: jinja2 in /home/wenchang/anaconda3/envs/python3.12-tk2-2.3/lib/python3.12/site-packages (from torch>=1.7->timm==0.6.13) (3.1.6)
Requirement already satisfied: fsspec in /home/wenchang/anaconda3/envs/python3.12-tk2-2.3/lib/python3.12/site-packages (from torch>=1.7->timm==0.6.13) (2026.2.0)
Requirement already satisfied: setuptools in /home/wenchang/anaconda3/envs/python3.12-tk2-2.3/lib/python3.12/site-packages (from torch>=1.7->timm==0.6.13) (80.10.2)
Requirement already satisfied: nvidia-cuda-nvrtc-cu12==12.1.105 in /home/wenchang/anaconda3/envs/python3.12-tk2-2.3/lib/python3.12/site-packages (from torch>=1.7->timm==0.6.13) (12.1.105)
Requirement already satisfied: nvidia-cuda-runtime-cu12==12.1.105 in /home/wenchang/anaconda3/envs/python3.12-tk2-2.3/lib/python3.12/site-packages (from torch>=1.7->timm==0.6.13) (12.1.105)
Requirement already satisfied: nvidia-cuda-cupti-cu12==12.1.105 in /home/wenchang/anaconda3/envs/python3.12-tk2-2.3/lib/python3.12/site-packages (from torch>=1.7->timm==0.6.13) (12.1.105)
Requirement already satisfied: nvidia-cudnn-cu12==9.1.0.70 in /home/wenchang/anaconda3/envs/python3.12-tk2-2.3/lib/python3.12/site-packages (from torch>=1.7->timm==0.6.13) (9.1.0.70)
Requirement already satisfied: nvidia-cublas-cu12==12.1.3.1 in /home/wenchang/anaconda3/envs/python3.12-tk2-2.3/lib/python3.12/site-packages (from torch>=1.7->timm==0.6.13) (12.1.3.1)
Requirement already satisfied: nvidia-cufft-cu12==11.0.2.54 in /home/wenchang/anaconda3/envs/python3.12-tk2-2.3/lib/python3.12/site-packages (from torch>=1.7->timm==0.6.13) (11.0.2.54)
Requirement already satisfied: nvidia-curand-cu12==10.3.2.106 in /home/wenchang/anaconda3/envs/python3.12-tk2-2.3/lib/python3.12/site-packages (from torch>=1.7->timm==0.6.13) (10.3.2.106)
Requirement already satisfied: nvidia-cusolver-cu12==11.4.5.107 in /home/wenchang/anaconda3/envs/python3.12-tk2-2.3/lib/python3.12/site-packages (from torch>=1.7->timm==0.6.13) (11.4.5.107)
Requirement already satisfied: nvidia-cusparse-cu12==12.1.0.106 in /home/wenchang/anaconda3/envs/python3.12-tk2-2.3/lib/python3.12/site-packages (from torch>=1.7->timm==0.6.13) (12.1.0.106)
Requirement already satisfied: nvidia-nccl-cu12==2.20.5 in /home/wenchang/anaconda3/envs/python3.12-tk2-2.3/lib/python3.12/site-packages (from torch>=1.7->timm==0.6.13) (2.20.5)
Requirement already satisfied: nvidia-nvtx-cu12==12.1.105 in /home/wenchang/anaconda3/envs/python3.12-tk2-2.3/lib/python3.12/site-packages (from torch>=1.7->timm==0.6.13) (12.1.105)
Requirement already satisfied: triton==3.0.0 in /home/wenchang/anaconda3/envs/python3.12-tk2-2.3/lib/python3.12/site-packages (from torch>=1.7->timm==0.6.13) (3.0.0)
Requirement already satisfied: nvidia-nvjitlink-cu12 in /home/wenchang/anaconda3/envs/python3.12-tk2-2.3/lib/python3.12/site-packages (from nvidia-cusolver-cu12==11.4.5.107->torch>=1.7->timm==0.6.13) (12.9.86)
Requirement already satisfied: packaging>=20.9 in /home/wenchang/anaconda3/envs/python3.12-tk2-2.3/lib/python3.12/site-packages (from huggingface-hub->timm==0.6.13) (26.0)
Requirement already satisfied: requests in /home/wenchang/anaconda3/envs/python3.12-tk2-2.3/lib/python3.12/site-packages (from huggingface-hub->timm==0.6.13) (2.32.5)
Requirement already satisfied: tqdm>=4.42.1 in /home/wenchang/anaconda3/envs/python3.12-tk2-2.3/lib/python3.12/site-packages (from huggingface-hub->timm==0.6.13) (4.67.3)
Requirement already satisfied: numpy in /home/wenchang/anaconda3/envs/python3.12-tk2-2.3/lib/python3.12/site-packages (from torchvision->timm==0.6.13) (1.26.4)
Requirement already satisfied: pillow!=8.3.*,>=5.3.0 in /home/wenchang/asdasdsad/wjq/TOVD/shared/t013/venv/lib/python3.12/site-packages (from torchvision->timm==0.6.13) (10.4.0)
Requirement already satisfied: MarkupSafe>=2.0 in /home/wenchang/anaconda3/envs/python3.12-tk2-2.3/lib/python3.12/site-packages (from jinja2->torch>=1.7->timm==0.6.13) (3.0.3)
Requirement already satisfied: charset_normalizer<4,>=2 in /home/wenchang/anaconda3/envs/python3.12-tk2-2.3/lib/python3.12/site-packages (from requests->huggingface-hub->timm==0.6.13) (3.4.4)
Requirement already satisfied: idna<4,>=2.5 in /home/wenchang/anaconda3/envs/python3.12-tk2-2.3/lib/python3.12/site-packages (from requests->huggingface-hub->timm==0.6.13) (3.11)
Requirement already satisfied: urllib3<3,>=1.21.1 in /home/wenchang/anaconda3/envs/python3.12-tk2-2.3/lib/python3.12/site-packages (from requests->huggingface-hub->timm==0.6.13) (2.6.3)
Requirement already satisfied: certifi>=2017.4.17 in /home/wenchang/anaconda3/envs/python3.12-tk2-2.3/lib/python3.12/site-packages (from requests->huggingface-hub->timm==0.6.13) (2026.1.4)
Requirement already satisfied: mpmath<1.4,>=1.1.0 in /home/wenchang/anaconda3/envs/python3.12-tk2-2.3/lib/python3.12/site-packages (from sympy->torch>=1.7->timm==0.6.13) (1.3.0)
Downloading timm-0.6.13-py3-none-any.whl (549 kB)
   ━━━━━━━━━━━━━━━━━━━━━━━━━━━━━━━━━━━━━━━━ 549.1/549.1 kB 7.0 MB/s eta 0:00:00
Using cached addict-2.4.0-py3-none-any.whl (3.8 kB)
Downloading yapf-0.40.1-py3-none-any.whl (250 kB)
Downloading importlib_metadata-9.0.1-py3-none-any.whl (27 kB)
Downloading platformdirs-4.11.8-py3-none-any.whl (24 kB)
Downloading tomli-2.4.1-cp312-cp312-manylinux2014_x86_64.manylinux_2_17_x86_64.manylinux_2_28_x86_64.whl (253 kB)
Downloading zipp-4.1.0-py3-none-any.whl (10 kB)
Installing collected packages: addict, zipp, tomli, platformdirs, importlib-metadata, yapf, timm
Successfully installed addict-2.4.0 importlib-metadata-9.0.1 platformdirs-4.11.8 timm-0.6.13 tomli-2.4.1 yapf-0.40.1 zipp-4.1.0

[notice] A new release of pip is available: 25.0.1 -> 26.2.1
[notice] To update, run: /home/wenchang/asdasdsad/wjq/TOVD/shared/t013/venv/bin/python -m pip install --upgrade pip
/home/wenchang/asdasdsad/wjq/TOVD/shared/t013/groundingdino_swint_ogc.pth: 成功
[autodl] finished_at=2026-09-12T19:54:07+08:00
[autodl] exit_code=0
