2026-09-14T09:22:57.3294029Z Current runner version: '2.337.0'
2026-09-14T09:22:57.3321147Z ##[group]Runner Image Provisioner
2026-09-14T09:22:57.3322145Z Hosted Compute Agent
2026-09-14T09:22:57.3322746Z Version: 20260828.587
2026-09-14T09:22:57.3323445Z Commit: abac92662cab4cc7352de4f9f9d2e2419aad9c29
2026-09-14T09:22:57.3324212Z Build Date: 2026-08-28T16:44:25Z
2026-09-14T09:22:57.3325180Z Worker ID: {edd471cc-0dbc-468c-bfac-2a32d6f2eb13}
2026-09-14T09:22:57.3326023Z Azure Region: eastus
2026-09-14T09:22:57.3326634Z ##[endgroup]
2026-09-14T09:22:57.3328359Z ##[group]Operating System
2026-09-14T09:22:57.3329038Z Ubuntu
2026-09-14T09:22:57.3329565Z 24.04.5
2026-09-14T09:22:57.3330167Z LTS
2026-09-14T09:22:57.3330694Z ##[endgroup]
2026-09-14T09:22:57.3331249Z ##[group]Runner Image
2026-09-14T09:22:57.3331911Z Image: ubuntu-24.04
2026-09-14T09:22:57.3332497Z Version: 20260907.300.1
2026-09-14T09:22:57.3333848Z Included Software: https://github.com/actions/runner-images/blob/ubuntu24/20260907.300/images/ubuntu/Ubuntu2404-Readme.md
2026-09-14T09:22:57.3335751Z Image Release: https://github.com/actions/runner-images/releases/tag/ubuntu24%2F20260907.300
2026-09-14T09:22:57.3336807Z ##[endgroup]
2026-09-14T09:22:57.3337964Z ##[group]GITHUB_TOKEN Permissions
2026-09-14T09:22:57.3339964Z Contents: read
2026-09-14T09:22:57.3340627Z Metadata: read
2026-09-14T09:22:57.3341281Z ##[endgroup]
2026-09-14T09:22:57.3343665Z Secret source: Actions
2026-09-14T09:22:57.3344914Z Cache mode: write
2026-09-14T09:22:57.3346215Z Prepare workflow directory
2026-09-14T09:22:57.3671459Z Prepare all required actions
2026-09-14T09:22:57.3719443Z Getting action download info
2026-09-14T09:22:57.5903855Z Download action repository 'actions/upload-artifact@v4' (SHA:ea165f8d65b6e75b540449e92b4886f43607fa02)
2026-09-14T09:22:57.8372057Z Complete job name: relay
2026-09-14T09:22:57.9160608Z ##[group]Run set -euo pipefail
2026-09-14T09:22:57.9161294Z [36;1mset -euo pipefail[0m
2026-09-14T09:22:57.9161839Z [36;1mmkdir -p relay[0m
2026-09-14T09:22:57.9163007Z [36;1minitial='https://huggingface.co/wondervictor/YOLO-World-V2.1/resolve/c620164ee3979bf49b895c8a8e0f49aeaca89209/s_stage2-4466ab94.pth'[0m
2026-09-14T09:22:57.9164495Z [36;1mexpected_sha='4466ab940ab2d93ff436b4869961bb885d7faf176bd0c8511d3cf451af55f458'[0m
2026-09-14T09:22:57.9165615Z [36;1mstarted=$(date -u +%FT%TZ)[0m
2026-09-14T09:22:57.9166204Z [36;1mcurl --version > curl_version.txt[0m
2026-09-14T09:22:57.9166775Z [36;1mset +e[0m
2026-09-14T09:22:57.9168130Z [36;1mcurl --fail --location --silent --show-error --proto '=https' --proto-redir '=https' --connect-timeout 45 --max-time 1200 --output checkpoint.partial --write-out '%{json}' "$initial" > transport.json[0m
2026-09-14T09:22:57.9169581Z [36;1mcode=$?[0m
2026-09-14T09:22:57.9170032Z [36;1mset -e[0m
2026-09-14T09:22:57.9170551Z [36;1mstopped=$(date -u +%FT%TZ)[0m
2026-09-14T09:22:57.9171100Z [36;1mbytes=0[0m
2026-09-14T09:22:57.9171586Z [36;1mobserved_sha=''[0m
2026-09-14T09:22:57.9172126Z [36;1mif [ -f checkpoint.partial ]; then[0m
2026-09-14T09:22:57.9172789Z [36;1m  bytes=$(stat -c '%s' checkpoint.partial)[0m
2026-09-14T09:22:57.9173580Z [36;1m  observed_sha=$(sha256sum checkpoint.partial | cut -d ' ' -f 1)[0m
2026-09-14T09:22:57.9174294Z [36;1mfi[0m
2026-09-14T09:22:57.9174872Z [36;1mverified=false[0m
2026-09-14T09:22:57.9175726Z [36;1mif [ "$code" -eq 0 ] && [ "$bytes" -eq 305058902 ] && [ "$observed_sha" = "$expected_sha" ]; then verified=true; fi[0m
2026-09-14T09:22:57.9182907Z [36;1mjq -n --arg initial "$initial" --arg started "$started" --arg stopped "$stopped" --arg sha "$observed_sha" --arg expected_sha "$expected_sha" --argjson bytes "$bytes" --argjson code "$code" --argjson verified "$verified" --arg run_id "$GITHUB_RUN_ID" --arg attempt "$GITHUB_RUN_ATTEMPT" --arg commit "$GITHUB_SHA" --arg runner_os "$RUNNER_OS" --arg image_os "${ImageOS:-}" --arg image_version "${ImageVersion:-}" --rawfile os_release /etc/os-release --rawfile curl_version curl_version.txt --slurpfile transport transport.json '{task:"T013-YW-P3R4",initial_url:$initial,started_at:$started,stopped_at:$stopped,expected_bytes:305058902,expected_sha256:$expected_sha,observed_bytes:$bytes,observed_sha256:$sha,curl_exit_code:$code,verified:$verified,run_id:$run_id,run_attempt:$attempt,workflow_commit:$commit,runner_os:$runner_os,image_os:$image_os,image_version:$image_version,os_release:$os_release,curl_version:$curl_version,verification_commands:["stat -c %s checkpoint.partial","sha256sum checkpoint.partial"],transport:($transport[0]|{http_code,ssl_verify_result,remote_ip,num_redirects,size_download,time_total,final_effective_host_path:(.url_effective|split("?")[0]|split("#")[0])})}' > relay/acquisition_receipt.json[0m
2026-09-14T09:22:57.9190530Z [36;1mcat relay/acquisition_receipt.json[0m
2026-09-14T09:22:57.9191189Z [36;1mif [ "$verified" != true ]; then exit 1; fi[0m
2026-09-14T09:22:57.9191911Z [36;1mmv checkpoint.partial relay/s_stage2-4466ab94.pth[0m
2026-09-14T09:22:57.9232787Z shell: /usr/bin/bash --noprofile --norc -e -o pipefail {0}
2026-09-14T09:22:57.9233795Z ##[endgroup]
2026-09-14T09:23:11.5391201Z {
2026-09-14T09:23:11.5391821Z   "task": "T013-YW-P3R4",
2026-09-14T09:23:11.5393116Z   "initial_url": "https://huggingface.co/wondervictor/YOLO-World-V2.1/resolve/c620164ee3979bf49b895c8a8e0f49aeaca89209/s_stage2-4466ab94.pth",
2026-09-14T09:23:11.5394507Z   "started_at": "2026-09-14T09:22:57Z",
2026-09-14T09:23:11.5395297Z   "stopped_at": "2026-09-14T09:23:11Z",
2026-09-14T09:23:11.5395764Z   "expected_bytes": 305058902,
2026-09-14T09:23:11.5396251Z   "expected_sha256": "4466ab940ab2d93ff436b4869961bb885d7faf176bd0c8511d3cf451af55f458",
2026-09-14T09:23:11.5396757Z   "observed_bytes": 305058902,
2026-09-14T09:23:11.5397229Z   "observed_sha256": "4466ab940ab2d93ff436b4869961bb885d7faf176bd0c8511d3cf451af55f458",
2026-09-14T09:23:11.5398006Z   "curl_exit_code": 0,
2026-09-14T09:23:11.5398348Z   "verified": true,
2026-09-14T09:23:11.5398613Z   "run_id": "34827628282",
2026-09-14T09:23:11.5398905Z   "run_attempt": "1",
2026-09-14T09:23:11.5399282Z   "workflow_commit": "0a9e6a004191c9ab20db4feeebab51d88cc3760d",
2026-09-14T09:23:11.5399719Z   "runner_os": "Linux",
2026-09-14T09:23:11.5400011Z   "image_os": "ubuntu24",
2026-09-14T09:23:11.5400301Z   "image_version": "20260907.300.1",
2026-09-14T09:23:11.5402107Z   "os_release": "PRETTY_NAME=\"Ubuntu 24.04.5 LTS\"\nNAME=\"Ubuntu\"\nVERSION_ID=\"24.04\"\nVERSION=\"24.04.5 LTS (Noble Numbat)\"\nVERSION_CODENAME=noble\nID=ubuntu\nID_LIKE=debian\nHOME_URL=\"https://www.ubuntu.com/\"\nSUPPORT_URL=\"https://help.ubuntu.com/\"\nBUG_REPORT_URL=\"https://bugs.launchpad.net/ubuntu/\"\nPRIVACY_POLICY_URL=\"https://www.ubuntu.com/legal/terms-and-policies/privacy-policy\"\nUBUNTU_CODENAME=noble\nLOGO=ubuntu-logo\n",
2026-09-14T09:23:11.5405853Z   "curl_version": "curl 8.5.0 (x86_64-pc-linux-gnu) libcurl/8.5.0 OpenSSL/3.0.13 zlib/1.3 brotli/1.1.0 zstd/1.5.5 libidn2/2.3.7 libpsl/0.21.2 (+libidn2/2.3.7) libssh/0.10.6/openssl/zlib nghttp2/1.59.0 librtmp/2.3 OpenLDAP/2.6.10\nRelease-Date: 2023-12-06, security patched: 8.5.0-2ubuntu10.13\nProtocols: dict file ftp ftps gopher gophers http https imap imaps ldap ldaps mqtt pop3 pop3s rtmp rtsp scp sftp smb smbs smtp smtps telnet tftp\nFeatures: alt-svc AsynchDNS brotli GSS-API HSTS HTTP2 HTTPS-proxy IDN IPv6 Kerberos Largefile libz NTLM PSL SPNEGO SSL threadsafe TLS-SRP UnixSockets zstd\n",
2026-09-14T09:23:11.5408009Z   "verification_commands": [
2026-09-14T09:23:11.5408334Z     "stat -c %s checkpoint.partial",
2026-09-14T09:23:11.5408671Z     "sha256sum checkpoint.partial"
2026-09-14T09:23:11.5408978Z   ],
2026-09-14T09:23:11.5409213Z   "transport": {
2026-09-14T09:23:11.5409466Z     "http_code": 200,
2026-09-14T09:23:11.5409742Z     "ssl_verify_result": 0,
2026-09-14T09:23:11.5410032Z     "remote_ip": "100.57.83.12",
2026-09-14T09:23:11.5410342Z     "num_redirects": 1,
2026-09-14T09:23:11.5410622Z     "size_download": 305058902,
2026-09-14T09:23:11.5410951Z     "time_total": 13.353016,
2026-09-14T09:23:11.5411683Z     "final_effective_host_path": "https://us.aws.cdn.hf.co/xet-bridge-us/6794731697ff861d092a5864/41e5b92c0747ed7f4a45be8361749698d39f30eba61468a4c45bc80a0a08f1d2"
2026-09-14T09:23:11.5412701Z   }
2026-09-14T09:23:11.5413039Z }
2026-09-14T09:23:11.5555411Z Node 20 is being deprecated. This workflow is running with Node 24 by default. If you need to temporarily use Node 20, you can set the ACTIONS_ALLOW_USE_UNSECURE_NODE_VERSION=true environment variable. For more information see: https://github.blog/changelog/2025-09-19-deprecation-of-node-20-on-github-actions-runners/
2026-09-14T09:23:11.5561778Z ##[group]Run actions/upload-artifact@v4
2026-09-14T09:23:11.5562150Z with:
2026-09-14T09:23:11.5562423Z   name: t013-yw-s-stage2-4466ab94-relay
2026-09-14T09:23:11.5562857Z   path: relay/s_stage2-4466ab94.pth
relay/acquisition_receipt.json

2026-09-14T09:23:11.5563272Z   retention-days: 2
2026-09-14T09:23:11.5563534Z   compression-level: 0
2026-09-14T09:23:11.5563811Z   if-no-files-found: error
2026-09-14T09:23:11.5564099Z   overwrite: false
2026-09-14T09:23:11.5564393Z   include-hidden-files: false
2026-09-14T09:23:11.5565012Z ##[endgroup]
2026-09-14T09:23:11.7171935Z (node:2159) [DEP0040] DeprecationWarning: The `punycode` module is deprecated. Please use a userland alternative instead.
2026-09-14T09:23:11.7172820Z (Use `node --trace-deprecation ...` to show where the warning was created)
2026-09-14T09:23:11.7246045Z Multiple search paths detected. Calculating the least common ancestor of all paths
2026-09-14T09:23:11.7247217Z The least common ancestor is /home/runner/work/TOVD/TOVD/relay. This will be the root directory of the artifact
2026-09-14T09:23:11.7247875Z With the provided path, there will be 2 files uploaded
2026-09-14T09:23:11.7249850Z Artifact name is valid!
2026-09-14T09:23:11.7250663Z Root directory input is valid!
2026-09-14T09:23:11.9068232Z Beginning upload of artifact content to blob storage
2026-09-14T09:23:11.9572681Z (node:2159) [DEP0169] DeprecationWarning: `url.parse()` behavior is not standardized and prone to errors that have security implications. Use the WHATWG URL API instead. CVEs are not issued for `url.parse()` vulnerabilities.
2026-09-14T09:23:12.1395591Z Uploaded bytes 8388608
2026-09-14T09:23:12.1553381Z Uploaded bytes 16777216
2026-09-14T09:23:12.1886270Z Uploaded bytes 25165824
2026-09-14T09:23:12.2457573Z Uploaded bytes 33554432
2026-09-14T09:23:12.2755922Z Uploaded bytes 41943040
2026-09-14T09:23:12.3475593Z Uploaded bytes 50331648
2026-09-14T09:23:12.3513330Z Uploaded bytes 58720256
2026-09-14T09:23:12.4027959Z Uploaded bytes 67108864
2026-09-14T09:23:12.4154911Z Uploaded bytes 75497472
2026-09-14T09:23:12.4705113Z Uploaded bytes 83886080
2026-09-14T09:23:12.5005722Z Uploaded bytes 92274688
2026-09-14T09:23:12.5828171Z Uploaded bytes 100663296
2026-09-14T09:23:12.5974916Z Uploaded bytes 109051904
2026-09-14T09:23:12.6315855Z Uploaded bytes 117440512
2026-09-14T09:23:12.6614287Z Uploaded bytes 125829120
2026-09-14T09:23:12.7565863Z Uploaded bytes 134217728
2026-09-14T09:23:12.7674401Z Uploaded bytes 142606336
2026-09-14T09:23:12.7993311Z Uploaded bytes 150994944
2026-09-14T09:23:12.8555311Z Uploaded bytes 159383552
2026-09-14T09:23:12.9232401Z Uploaded bytes 167772160
2026-09-14T09:23:12.9375644Z Uploaded bytes 176160768
2026-09-14T09:23:12.9424121Z Uploaded bytes 184549376
2026-09-14T09:23:13.0198517Z Uploaded bytes 192937984
2026-09-14T09:23:13.0980182Z Uploaded bytes 201326592
2026-09-14T09:23:13.1191609Z Uploaded bytes 209715200
2026-09-14T09:23:13.1396823Z Uploaded bytes 218103808
2026-09-14T09:23:13.1525582Z Uploaded bytes 226492416
2026-09-14T09:23:13.2082163Z Uploaded bytes 234881024
2026-09-14T09:23:13.2877414Z Uploaded bytes 243269632
2026-09-14T09:23:13.3116586Z Uploaded bytes 251658240
2026-09-14T09:23:13.3618091Z Uploaded bytes 260046848
2026-09-14T09:23:13.3930832Z Uploaded bytes 268435456
2026-09-14T09:23:13.4293683Z Uploaded bytes 276824064
2026-09-14T09:23:13.4902993Z Uploaded bytes 285212672
2026-09-14T09:23:13.5402141Z Uploaded bytes 293601280
2026-09-14T09:23:13.5871203Z Uploaded bytes 301989888
2026-09-14T09:23:13.7481206Z Uploaded bytes 305061442
2026-09-14T09:23:13.7646907Z Finished uploading artifact content to blob storage!
2026-09-14T09:23:13.7678039Z SHA256 digest of uploaded artifact zip is 2589f9b63f57e51d4646ea114cdbff0bf7896d7988c8a499360bb077ef76c5bf
2026-09-14T09:23:13.7679648Z Finalizing artifact upload
2026-09-14T09:23:13.9467001Z Artifact t013-yw-s-stage2-4466ab94-relay.zip successfully finalized. Artifact ID 10341040916
2026-09-14T09:23:13.9468401Z Artifact t013-yw-s-stage2-4466ab94-relay has been successfully uploaded! Final size is 305061442 bytes. Artifact ID is 10341040916
2026-09-14T09:23:13.9477456Z Artifact download URL: https://github.com/word-ky/TOVD/actions/runs/34827628282/artifacts/10341040916
2026-09-14T09:23:13.9711196Z Cleaning up orphan processes
2026-09-14T09:23:13.9997295Z ##[warning]Node.js 20 is deprecated. The following actions target Node.js 20 but are being forced to run on Node.js 24: actions/upload-artifact@v4. For more information see: https://github.blog/changelog/2025-09-19-deprecation-of-node-20-on-github-actions-runners/

