[autodl] run_id=20260912-101332-tovd-t008-a6000
[autodl] started_at=2026-09-12T10:13:36+08:00
........................................................................ [ 84%]
.............                                                            [100%]
=============================== warnings summary ===============================
tests/test_c2_experiment.py::test_complete_meta_experiment_reuses_controls_and_initial_state
  <frozen importlib._bootstrap>:488: DeprecationWarning: Type google._upb._message.MessageMapContainer uses PyType_Spec with a metaclass that has custom tp_new. This is deprecated and will no longer be allowed in Python 3.14.

tests/test_c2_experiment.py::test_complete_meta_experiment_reuses_controls_and_initial_state
  <frozen importlib._bootstrap>:488: DeprecationWarning: Type google._upb._message.ScalarMapContainer uses PyType_Spec with a metaclass that has custom tp_new. This is deprecated and will no longer be allowed in Python 3.14.

-- Docs: https://docs.pytest.org/en/stable/how-to/capture-warnings.html
85 passed, 2 warnings in 8.88s
........................................................................ [ 84%]
.............                                                            [100%]
=============================== warnings summary ===============================
tests/test_c2_experiment.py::test_complete_meta_experiment_reuses_controls_and_initial_state
  /home/wenchang/anaconda3/envs/python3.12-tk2-2.3/lib/python3.12/site-packages/torch/cuda/__init__.py:654: UserWarning: Can't initialize NVML
    warnings.warn("Can't initialize NVML")

tests/test_c2_experiment.py::test_complete_meta_experiment_reuses_controls_and_initial_state
  <frozen importlib._bootstrap>:488: DeprecationWarning: Type google._upb._message.MessageMapContainer uses PyType_Spec with a metaclass that has custom tp_new. This is deprecated and will no longer be allowed in Python 3.14.

tests/test_c2_experiment.py::test_complete_meta_experiment_reuses_controls_and_initial_state
  <frozen importlib._bootstrap>:488: DeprecationWarning: Type google._upb._message.ScalarMapContainer uses PyType_Spec with a metaclass that has custom tp_new. This is deprecated and will no longer be allowed in Python 3.14.

-- Docs: https://docs.pytest.org/en/stable/how-to/capture-warnings.html
85 passed, 3 warnings in 24.10s
/home/wenchang/anaconda3/envs/python3.12-tk2-2.3/lib/python3.12/site-packages/torch/cuda/__init__.py:654: UserWarning: Can't initialize NVML
  warnings.warn("Can't initialize NVML")
EXTRACTED state=seed7_original_P episodes=200
EXTRACTED state=seed7_P_O0_resume_step0 episodes=200
EXTRACTED state=seed7_P_O0_resume_step50 episodes=200
EXTRACTED state=seed7_P_O0_resume_step100 episodes=200
EXTRACTED state=seed7_P_O0_resume_step200 episodes=200
EXTRACTED state=seed7_P_O0_resume_step400 episodes=200
EXTRACTED state=seed7_P_C2_warm_step0 episodes=200
EXTRACTED state=seed7_P_C2_warm_step50 episodes=200
EXTRACTED state=seed7_P_C2_warm_step100 episodes=200
EXTRACTED state=seed7_P_C2_warm_step200 episodes=200
EXTRACTED state=seed7_P_C2_warm_step400 episodes=200
EXTRACTED state=seed17_original_P episodes=200
EXTRACTED state=seed17_P_O0_resume_step0 episodes=200
EXTRACTED state=seed17_P_O0_resume_step50 episodes=200
EXTRACTED state=seed17_P_O0_resume_step100 episodes=200
EXTRACTED state=seed17_P_O0_resume_step200 episodes=200
EXTRACTED state=seed17_P_O0_resume_step400 episodes=200
EXTRACTED state=seed17_P_C2_warm_step0 episodes=200
EXTRACTED state=seed17_P_C2_warm_step50 episodes=200
EXTRACTED state=seed17_P_C2_warm_step100 episodes=200
EXTRACTED state=seed17_P_C2_warm_step200 episodes=200
EXTRACTED state=seed17_P_C2_warm_step400 episodes=200
EXTRACTED state=seed27_original_P episodes=200
EXTRACTED state=seed27_P_O0_resume_step0 episodes=200
EXTRACTED state=seed27_P_O0_resume_step50 episodes=200
EXTRACTED state=seed27_P_O0_resume_step100 episodes=200
EXTRACTED state=seed27_P_O0_resume_step200 episodes=200
EXTRACTED state=seed27_P_O0_resume_step400 episodes=200
EXTRACTED state=seed27_P_C2_warm_step0 episodes=200
EXTRACTED state=seed27_P_C2_warm_step50 episodes=200
EXTRACTED state=seed27_P_C2_warm_step100 episodes=200
EXTRACTED state=seed27_P_C2_warm_step200 episodes=200
EXTRACTED state=seed27_P_C2_warm_step400 episodes=200
VALIDITY {"source_hashes_match": true, "state_count": 33, "row_count": 6600, "expected_row_count": 6600, "historical_max_error": 0.0, "T005_max_error": 0.0, "historical_stream_mismatches": 0, "normal_oracle_bitwise_equal": true, "features_exact": true, "output_max_error": 0.0, "state_max_error": 0.0, "pre_inner_loss_max_error": 0.0, "pre_gradient_max_error": 0.0, "nonfinite_features": 0, "all_outputs_finite": true, "parameters_unchanged": true, "passes": true}
PASSING {"pre": [], "rollback": []}
[autodl] finished_at=2026-09-12T10:20:21+08:00
[autodl] exit_code=0
