[autodl] run_id=20260912-193807-tovd-t013-smoke-fixed-cpu
[autodl] started_at=2026-09-12T19:38:16+08:00
2026-09-12 19:38:18.500726: I tensorflow/core/util/port.cc:113] oneDNN custom operations are on. You may see slightly different numerical results due to floating-point round-off errors from different computation orders. To turn them off, set the environment variable `TF_ENABLE_ONEDNN_OPTS=0`.
2026-09-12 19:38:18.546591: I tensorflow/core/platform/cpu_feature_guard.cc:210] This TensorFlow binary is optimized to use available CPU instructions in performance-critical operations.
To enable the following instructions: AVX2 AVX512F AVX512_VNNI FMA, in other operations, rebuild TensorFlow with the appropriate compiler flags.
Could not load the custom kernel for multi-scale deformable attention: CUDA_HOME environment variable is not set. Please set it to your CUDA install root.
Could not load the custom kernel for multi-scale deformable attention: /home/liujianhua/.cache/torch_extensions/py312_cu121/MultiScaleDeformableAttention/MultiScaleDeformableAttention.so: cannot open shared object file: No such file or directory
Could not load the custom kernel for multi-scale deformable attention: /home/liujianhua/.cache/torch_extensions/py312_cu121/MultiScaleDeformableAttention/MultiScaleDeformableAttention.so: cannot open shared object file: No such file or directory
Could not load the custom kernel for multi-scale deformable attention: /home/liujianhua/.cache/torch_extensions/py312_cu121/MultiScaleDeformableAttention/MultiScaleDeformableAttention.so: cannot open shared object file: No such file or directory
Could not load the custom kernel for multi-scale deformable attention: /home/liujianhua/.cache/torch_extensions/py312_cu121/MultiScaleDeformableAttention/MultiScaleDeformableAttention.so: cannot open shared object file: No such file or directory
Could not load the custom kernel for multi-scale deformable attention: /home/liujianhua/.cache/torch_extensions/py312_cu121/MultiScaleDeformableAttention/MultiScaleDeformableAttention.so: cannot open shared object file: No such file or directory
Could not load the custom kernel for multi-scale deformable attention: /home/liujianhua/.cache/torch_extensions/py312_cu121/MultiScaleDeformableAttention/MultiScaleDeformableAttention.so: cannot open shared object file: No such file or directory
Could not load the custom kernel for multi-scale deformable attention: /home/liujianhua/.cache/torch_extensions/py312_cu121/MultiScaleDeformableAttention/MultiScaleDeformableAttention.so: cannot open shared object file: No such file or directory
Could not load the custom kernel for multi-scale deformable attention: /home/liujianhua/.cache/torch_extensions/py312_cu121/MultiScaleDeformableAttention/MultiScaleDeformableAttention.so: cannot open shared object file: No such file or directory
Could not load the custom kernel for multi-scale deformable attention: /home/liujianhua/.cache/torch_extensions/py312_cu121/MultiScaleDeformableAttention/MultiScaleDeformableAttention.so: cannot open shared object file: No such file or directory
Could not load the custom kernel for multi-scale deformable attention: /home/liujianhua/.cache/torch_extensions/py312_cu121/MultiScaleDeformableAttention/MultiScaleDeformableAttention.so: cannot open shared object file: No such file or directory
Could not load the custom kernel for multi-scale deformable attention: /home/liujianhua/.cache/torch_extensions/py312_cu121/MultiScaleDeformableAttention/MultiScaleDeformableAttention.so: cannot open shared object file: No such file or directory
Token indices sequence length is longer than the specified maximum sequence length for this model (545 > 512). Running this sequence through the model will result in indexing errors
/home/wenchang/asdasdsad/wjq/TOVD/shared/t013/venv/lib/python3.12/site-packages/imagecorruptions/corruptions.py:17: UserWarning: pkg_resources is deprecated as an API. See https://setuptools.pypa.io/en/latest/pkg_resources.html. The pkg_resources package is slated for removal as early as 2025-11-30. Refrain from using this package or pin to Setuptools<81.
  from pkg_resources import resource_filename
Traceback (most recent call last):
  File "<frozen runpy>", line 198, in _run_module_as_main
  File "<frozen runpy>", line 88, in _run_code
  File "/home/wenchang/asdasdsad/wjq/TOVD/releases/20260912-193408-tovd-t013-smoke-fixed/scripts/t013_smoke.py", line 80, in <module>
    main()
  File "/home/wenchang/asdasdsad/wjq/TOVD/releases/20260912-193408-tovd-t013-smoke-fixed/scripts/t013_smoke.py", line 41, in main
    result = detect(processor, model, pixels, names)
             ^^^^^^^^^^^^^^^^^^^^^^^^^^^^^^^^^^^^^^^
  File "/home/wenchang/anaconda3/envs/python3.12-tk2-2.3/lib/python3.12/site-packages/torch/utils/_contextlib.py", line 116, in decorate_context
    return func(*args, **kwargs)
           ^^^^^^^^^^^^^^^^^^^^^
  File "/home/wenchang/asdasdsad/wjq/TOVD/releases/20260912-193408-tovd-t013-smoke-fixed/scripts/t013_detector.py", line 63, in detect
    output = model(**inputs)
             ^^^^^^^^^^^^^^^
  File "/home/wenchang/anaconda3/envs/python3.12-tk2-2.3/lib/python3.12/site-packages/torch/nn/modules/module.py", line 1553, in _wrapped_call_impl
    return self._call_impl(*args, **kwargs)
           ^^^^^^^^^^^^^^^^^^^^^^^^^^^^^^^^
  File "/home/wenchang/anaconda3/envs/python3.12-tk2-2.3/lib/python3.12/site-packages/torch/nn/modules/module.py", line 1562, in _call_impl
    return forward_call(*args, **kwargs)
           ^^^^^^^^^^^^^^^^^^^^^^^^^^^^^
  File "/home/wenchang/asdasdsad/wjq/TOVD/shared/t013/venv/lib/python3.12/site-packages/transformers/models/grounding_dino/modeling_grounding_dino.py", line 3023, in forward
    outputs = self.model(
              ^^^^^^^^^^^
  File "/home/wenchang/anaconda3/envs/python3.12-tk2-2.3/lib/python3.12/site-packages/torch/nn/modules/module.py", line 1553, in _wrapped_call_impl
    return self._call_impl(*args, **kwargs)
           ^^^^^^^^^^^^^^^^^^^^^^^^^^^^^^^^
  File "/home/wenchang/anaconda3/envs/python3.12-tk2-2.3/lib/python3.12/site-packages/torch/nn/modules/module.py", line 1562, in _call_impl
    return forward_call(*args, **kwargs)
           ^^^^^^^^^^^^^^^^^^^^^^^^^^^^^
  File "/home/wenchang/asdasdsad/wjq/TOVD/shared/t013/venv/lib/python3.12/site-packages/transformers/models/grounding_dino/modeling_grounding_dino.py", line 2360, in forward
    encoder_outputs = self.encoder(
                      ^^^^^^^^^^^^^
  File "/home/wenchang/anaconda3/envs/python3.12-tk2-2.3/lib/python3.12/site-packages/torch/nn/modules/module.py", line 1553, in _wrapped_call_impl
    return self._call_impl(*args, **kwargs)
           ^^^^^^^^^^^^^^^^^^^^^^^^^^^^^^^^
  File "/home/wenchang/anaconda3/envs/python3.12-tk2-2.3/lib/python3.12/site-packages/torch/nn/modules/module.py", line 1562, in _call_impl
    return forward_call(*args, **kwargs)
           ^^^^^^^^^^^^^^^^^^^^^^^^^^^^^
  File "/home/wenchang/asdasdsad/wjq/TOVD/shared/t013/venv/lib/python3.12/site-packages/transformers/models/grounding_dino/modeling_grounding_dino.py", line 1753, in forward
    (vision_features, text_features), attentions = encoder_layer(
                                                   ^^^^^^^^^^^^^^
  File "/home/wenchang/anaconda3/envs/python3.12-tk2-2.3/lib/python3.12/site-packages/torch/nn/modules/module.py", line 1553, in _wrapped_call_impl
    return self._call_impl(*args, **kwargs)
           ^^^^^^^^^^^^^^^^^^^^^^^^^^^^^^^^
  File "/home/wenchang/anaconda3/envs/python3.12-tk2-2.3/lib/python3.12/site-packages/torch/nn/modules/module.py", line 1562, in _call_impl
    return forward_call(*args, **kwargs)
           ^^^^^^^^^^^^^^^^^^^^^^^^^^^^^
  File "/home/wenchang/asdasdsad/wjq/TOVD/shared/t013/venv/lib/python3.12/site-packages/transformers/models/grounding_dino/modeling_grounding_dino.py", line 1280, in forward
    (vision_features, vision_deformable_attn) = self.deformable_layer(
                                                ^^^^^^^^^^^^^^^^^^^^^^
  File "/home/wenchang/anaconda3/envs/python3.12-tk2-2.3/lib/python3.12/site-packages/torch/nn/modules/module.py", line 1553, in _wrapped_call_impl
    return self._call_impl(*args, **kwargs)
           ^^^^^^^^^^^^^^^^^^^^^^^^^^^^^^^^
  File "/home/wenchang/anaconda3/envs/python3.12-tk2-2.3/lib/python3.12/site-packages/torch/nn/modules/module.py", line 1562, in _call_impl
    return forward_call(*args, **kwargs)
           ^^^^^^^^^^^^^^^^^^^^^^^^^^^^^
  File "/home/wenchang/asdasdsad/wjq/TOVD/shared/t013/venv/lib/python3.12/site-packages/transformers/models/grounding_dino/modeling_grounding_dino.py", line 1146, in forward
    hidden_states, attn_weights = self.self_attn(
                                  ^^^^^^^^^^^^^^^
  File "/home/wenchang/anaconda3/envs/python3.12-tk2-2.3/lib/python3.12/site-packages/torch/nn/modules/module.py", line 1553, in _wrapped_call_impl
    return self._call_impl(*args, **kwargs)
           ^^^^^^^^^^^^^^^^^^^^^^^^^^^^^^^^
  File "/home/wenchang/anaconda3/envs/python3.12-tk2-2.3/lib/python3.12/site-packages/torch/nn/modules/module.py", line 1562, in _call_impl
    return forward_call(*args, **kwargs)
           ^^^^^^^^^^^^^^^^^^^^^^^^^^^^^
  File "/home/wenchang/asdasdsad/wjq/TOVD/shared/t013/venv/lib/python3.12/site-packages/transformers/models/grounding_dino/modeling_grounding_dino.py", line 748, in forward
    output = multi_scale_deformable_attention(value, spatial_shapes, sampling_locations, attention_weights)
             ^^^^^^^^^^^^^^^^^^^^^^^^^^^^^^^^^^^^^^^^^^^^^^^^^^^^^^^^^^^^^^^^^^^^^^^^^^^^^^^^^^^^^^^^^^^^^^
  File "/home/wenchang/asdasdsad/wjq/TOVD/shared/t013/venv/lib/python3.12/site-packages/transformers/models/grounding_dino/modeling_grounding_dino.py", line 606, in multi_scale_deformable_attention
    sampling_value_l_ = nn.functional.grid_sample(
                        ^^^^^^^^^^^^^^^^^^^^^^^^^^
  File "/home/wenchang/anaconda3/envs/python3.12-tk2-2.3/lib/python3.12/site-packages/torch/nn/functional.py", line 4381, in grid_sample
    return torch.grid_sampler(input, grid, mode_enum, padding_mode_enum, align_corners)
           ^^^^^^^^^^^^^^^^^^^^^^^^^^^^^^^^^^^^^^^^^^^^^^^^^^^^^^^^^^^^^^^^^^^^^^^^^^^^
KeyboardInterrupt
