[autodl] run_id=20260912-133149-tovd-t011-a6000
[autodl] started_at=2026-09-12T13:31:58+08:00
........................................................................ [ 71%]
.............................                                            [100%]
=============================== warnings summary ===============================
tests/test_c2_experiment.py::test_complete_meta_experiment_reuses_controls_and_initial_state
  <frozen importlib._bootstrap>:488: DeprecationWarning: Type google._upb._message.MessageMapContainer uses PyType_Spec with a metaclass that has custom tp_new. This is deprecated and will no longer be allowed in Python 3.14.

tests/test_c2_experiment.py::test_complete_meta_experiment_reuses_controls_and_initial_state
  <frozen importlib._bootstrap>:488: DeprecationWarning: Type google._upb._message.ScalarMapContainer uses PyType_Spec with a metaclass that has custom tp_new. This is deprecated and will no longer be allowed in Python 3.14.

-- Docs: https://docs.pytest.org/en/stable/how-to/capture-warnings.html
101 passed, 2 warnings in 9.71s
........................................................................ [ 71%]
.............................                                            [100%]
=============================== warnings summary ===============================
tests/test_c2_experiment.py::test_complete_meta_experiment_reuses_controls_and_initial_state
  /home/wenchang/anaconda3/envs/python3.12-tk2-2.3/lib/python3.12/site-packages/torch/cuda/__init__.py:654: UserWarning: Can't initialize NVML
    warnings.warn("Can't initialize NVML")

tests/test_c2_experiment.py::test_complete_meta_experiment_reuses_controls_and_initial_state
  <frozen importlib._bootstrap>:488: DeprecationWarning: Type google._upb._message.MessageMapContainer uses PyType_Spec with a metaclass that has custom tp_new. This is deprecated and will no longer be allowed in Python 3.14.

tests/test_c2_experiment.py::test_complete_meta_experiment_reuses_controls_and_initial_state
  <frozen importlib._bootstrap>:488: DeprecationWarning: Type google._upb._message.ScalarMapContainer uses PyType_Spec with a metaclass that has custom tp_new. This is deprecated and will no longer be allowed in Python 3.14.

-- Docs: https://docs.pytest.org/en/stable/how-to/capture-warnings.html
101 passed, 3 warnings in 25.66s
/home/wenchang/anaconda3/envs/python3.12-tk2-2.3/lib/python3.12/site-packages/torch/cuda/__init__.py:654: UserWarning: Can't initialize NVML
  warnings.warn("Can't initialize NVML")
SCREEN state=seed7_original_P episodes=200
SCREEN state=seed7_P_O0_resume_step400 episodes=200
SCREEN state=seed7_P_C2_warm_step400 episodes=200
SCREEN state=seed17_original_P episodes=200
SCREEN state=seed17_P_O0_resume_step400 episodes=200
SCREEN state=seed17_P_C2_warm_step400 episodes=200
SCREEN state=seed27_original_P episodes=200
SCREEN state=seed27_P_O0_resume_step400 episodes=200
SCREEN state=seed27_P_C2_warm_step400 episodes=200
GATES {"1": false, "2": false, "3": false, "4": false, "5": false} VALIDITY True
[autodl] finished_at=2026-09-12T13:37:55+08:00
[autodl] exit_code=0
