[autodl] run_id=20260912-205428-tovd-native30-pipeline-smoke
[autodl] started_at=2026-09-12T20:54:34+08:00
2026-09-12 20:54:36.813488: I tensorflow/core/util/port.cc:113] oneDNN custom operations are on. You may see slightly different numerical results due to floating-point round-off errors from different computation orders. To turn them off, set the environment variable `TF_ENABLE_ONEDNN_OPTS=0`.
2026-09-12 20:54:36.858820: I tensorflow/core/platform/cpu_feature_guard.cc:210] This TensorFlow binary is optimized to use available CPU instructions in performance-critical operations.
To enable the following instructions: AVX2 AVX512F AVX512_VNNI FMA, in other operations, rebuild TensorFlow with the appropriate compiler flags.
/home/wenchang/asdasdsad/wjq/TOVD/shared/t013/native/groundingdino/models/GroundingDINO/ms_deform_attn.py:31: UserWarning: Failed to load custom C++ ops. Running on CPU mode Only!
  warnings.warn("Failed to load custom C++ ops. Running on CPU mode Only!")
/home/wenchang/anaconda3/envs/python3.12-tk2-2.3/lib/python3.12/site-packages/torch/functional.py:513: UserWarning: torch.meshgrid: in an upcoming release, it will be required to pass the indexing argument. (Triggered internally at ../aten/src/ATen/native/TensorShape.cpp:3609.)
  return _VF.meshgrid(tensors, **kwargs)  # type: ignore[attr-defined]
final text_encoder_type: /home/wenchang/asdasdsad/wjq/TOVD/shared/t013/native_bert
Some weights of BertModel were not initialized from the model checkpoint at /home/wenchang/asdasdsad/wjq/TOVD/shared/t013/native_bert and are newly initialized: ['pooler.dense.bias', 'pooler.dense.weight']
You should probably TRAIN this model on a down-stream task to be able to use it for predictions and inference.
/home/wenchang/asdasdsad/wjq/TOVD/shared/t013/venv/lib/python3.12/site-packages/transformers/modeling_utils.py:1126: FutureWarning: The `device` argument is deprecated and will be removed in v5 of Transformers.
  warnings.warn(
/home/wenchang/anaconda3/envs/python3.12-tk2-2.3/lib/python3.12/site-packages/torch/_dynamo/eval_frame.py:600: UserWarning: torch.utils.checkpoint: the use_reentrant parameter should be passed explicitly. In version 2.4 we will raise an exception if use_reentrant is not passed. use_reentrant=False is recommended, but if you need to preserve the current default behavior, you can pass use_reentrant=True. Refer to docs for more details on the differences between the two variants.
  return fn(*args, **kwargs)
/home/wenchang/anaconda3/envs/python3.12-tk2-2.3/lib/python3.12/site-packages/torch/utils/checkpoint.py:92: UserWarning: None of the inputs have requires_grad=True. Gradients will be None
  warnings.warn(
/home/wenchang/asdasdsad/wjq/TOVD/shared/t013/native/groundingdino/models/GroundingDINO/transformer.py:862: FutureWarning: `torch.cuda.amp.autocast(args...)` is deprecated. Please use `torch.amp.autocast('cuda', args...)` instead.
  with torch.cuda.amp.autocast(enabled=False):
/home/wenchang/asdasdsad/wjq/TOVD/shared/t013/venv/lib/python3.12/site-packages/imagecorruptions/corruptions.py:17: UserWarning: pkg_resources is deprecated as an API. See https://setuptools.pypa.io/en/latest/pkg_resources.html. The pkg_resources package is slated for removal as early as 2025-11-30. Refrain from using this package or pin to Setuptools<81.
  from pkg_resources import resource_filename
/home/wenchang/asdasdsad/wjq/TOVD/shared/t013/venv/lib/python3.12/site-packages/transformers/modeling_utils.py:1126: FutureWarning: The `device` argument is deprecated and will be removed in v5 of Transformers.
  warnings.warn(
/home/wenchang/anaconda3/envs/python3.12-tk2-2.3/lib/python3.12/site-packages/torch/_dynamo/eval_frame.py:600: UserWarning: torch.utils.checkpoint: the use_reentrant parameter should be passed explicitly. In version 2.4 we will raise an exception if use_reentrant is not passed. use_reentrant=False is recommended, but if you need to preserve the current default behavior, you can pass use_reentrant=True. Refer to docs for more details on the differences between the two variants.
  return fn(*args, **kwargs)
/home/wenchang/anaconda3/envs/python3.12-tk2-2.3/lib/python3.12/site-packages/torch/utils/checkpoint.py:92: UserWarning: None of the inputs have requires_grad=True. Gradients will be None
  warnings.warn(
/home/wenchang/asdasdsad/wjq/TOVD/shared/t013/native/groundingdino/models/GroundingDINO/transformer.py:862: FutureWarning: `torch.cuda.amp.autocast(args...)` is deprecated. Please use `torch.amp.autocast('cuda', args...)` instead.
  with torch.cuda.amp.autocast(enabled=False):
{"completed_images": 1, "total_images": 3, "seconds": 105.02735773997847}
{"completed_images": 2, "total_images": 3, "seconds": 180.54052934297943}
{"completed_images": 3, "total_images": 3, "seconds": 268.4423966969771}
evaluated cached cell clean/V0
evaluated cached cell clean/Vhard30
evaluated cached cell clean/Vrand30
evaluated cached cell gaussian_noise/V0
evaluated cached cell gaussian_noise/Vhard30
evaluated cached cell gaussian_noise/Vrand30
evaluated cached cell motion_blur/V0
evaluated cached cell motion_blur/Vhard30
evaluated cached cell motion_blur/Vrand30
evaluated cached cell fog/V0
evaluated cached cell fog/Vhard30
evaluated cached cell fog/Vrand30
evaluated cached cell jpeg_compression/V0
evaluated cached cell jpeg_compression/Vhard30
evaluated cached cell jpeg_compression/Vrand30
paired dataset bootstrap 10/10
{"kind": "engineering_smoke_not_scientific", "analysis_completed": true}
[autodl] finished_at=2026-09-12T20:59:29+08:00
[autodl] exit_code=0
