[autodl] run_id=20260912-030923-tovd-t003-a6000
[autodl] started_at=2026-09-12T03:09:27+08:00
..............................                                           [100%]
=============================== warnings summary ===============================
tests/test_synthetic_runner.py::test_all_methods_end_to_end_checkpoint_and_readonly_evaluation
  <frozen importlib._bootstrap>:488: DeprecationWarning: Type google._upb._message.MessageMapContainer uses PyType_Spec with a metaclass that has custom tp_new. This is deprecated and will no longer be allowed in Python 3.14.

tests/test_synthetic_runner.py::test_all_methods_end_to_end_checkpoint_and_readonly_evaluation
  <frozen importlib._bootstrap>:488: DeprecationWarning: Type google._upb._message.ScalarMapContainer uses PyType_Spec with a metaclass that has custom tp_new. This is deprecated and will no longer be allowed in Python 3.14.

-- Docs: https://docs.pytest.org/en/stable/how-to/capture-warnings.html
30 passed, 2 warnings in 3.17s
..............................                                           [100%]
=============================== warnings summary ===============================
tests/test_synthetic_runner.py::test_all_methods_end_to_end_checkpoint_and_readonly_evaluation
  <frozen importlib._bootstrap>:488: DeprecationWarning: Type google._upb._message.MessageMapContainer uses PyType_Spec with a metaclass that has custom tp_new. This is deprecated and will no longer be allowed in Python 3.14.

tests/test_synthetic_runner.py::test_all_methods_end_to_end_checkpoint_and_readonly_evaluation
  <frozen importlib._bootstrap>:488: DeprecationWarning: Type google._upb._message.ScalarMapContainer uses PyType_Spec with a metaclass that has custom tp_new. This is deprecated and will no longer be allowed in Python 3.14.

-- Docs: https://docs.pytest.org/en/stable/how-to/capture-warnings.html
30 passed, 2 warnings in 5.52s
COMPLETE seed=7 method=P regime=easy episodes=100 original_errors={'accuracy': 0.0, 'nll': 0.0, 'margin': 0.0}
COMPLETE seed=7 method=P regime=hard episodes=100 original_errors={'accuracy': 0.0, 'nll': 0.0, 'margin': 0.0}
COMPLETE seed=7 method=B2 regime=easy episodes=100 original_errors={'accuracy': 0.0, 'nll': 0.0, 'margin': 0.0}
COMPLETE seed=7 method=B2 regime=hard episodes=100 original_errors={'accuracy': 0.0, 'nll': 0.0, 'margin': 0.0}
COMPLETE seed=17 method=P regime=easy episodes=100 original_errors={'accuracy': 0.0, 'nll': 0.0, 'margin': 0.0}
COMPLETE seed=17 method=P regime=hard episodes=100 original_errors={'accuracy': 0.0, 'nll': 0.0, 'margin': 0.0}
COMPLETE seed=17 method=B2 regime=easy episodes=100 original_errors={'accuracy': 0.0, 'nll': 0.0, 'margin': 0.0}
COMPLETE seed=17 method=B2 regime=hard episodes=100 original_errors={'accuracy': 0.0, 'nll': 0.0, 'margin': 0.0}
COMPLETE seed=27 method=P regime=easy episodes=100 original_errors={'accuracy': 0.0, 'nll': 0.0, 'margin': 0.0}
COMPLETE seed=27 method=P regime=hard episodes=100 original_errors={'accuracy': 0.0, 'nll': 0.0, 'margin': 0.0}
COMPLETE seed=27 method=B2 regime=easy episodes=100 original_errors={'accuracy': 0.0, 'nll': 0.0, 'margin': 0.0}
COMPLETE seed=27 method=B2 regime=hard episodes=100 original_errors={'accuracy': 0.0, 'nll': 0.0, 'margin': 0.0}
[autodl] finished_at=2026-09-12T03:10:33+08:00
[autodl] exit_code=0
