[autodl] run_id=20260912-193255-tovd-t013-smoke-diagnostic
[autodl] started_at=2026-09-12T19:33:05+08:00
2026-09-12 19:33:07.979131: I tensorflow/core/util/port.cc:113] oneDNN custom operations are on. You may see slightly different numerical results due to floating-point round-off errors from different computation orders. To turn them off, set the environment variable `TF_ENABLE_ONEDNN_OPTS=0`.
2026-09-12 19:33:08.025272: I tensorflow/core/platform/cpu_feature_guard.cc:210] This TensorFlow binary is optimized to use available CPU instructions in performance-critical operations.
To enable the following instructions: AVX2 AVX512F AVX512_VNNI FMA, in other operations, rebuild TensorFlow with the appropriate compiler flags.
Could not load the custom kernel for multi-scale deformable attention: CUDA_HOME environment variable is not set. Please set it to your CUDA install root.
Could not load the custom kernel for multi-scale deformable attention: /home/liujianhua/.cache/torch_extensions/py312_cu121/MultiScaleDeformableAttention/MultiScaleDeformableAttention.so: cannot open shared object file: No such file or directory
Could not load the custom kernel for multi-scale deformable attention: /home/liujianhua/.cache/torch_extensions/py312_cu121/MultiScaleDeformableAttention/MultiScaleDeformableAttention.so: cannot open shared object file: No such file or directory
Could not load the custom kernel for multi-scale deformable attention: /home/liujianhua/.cache/torch_extensions/py312_cu121/MultiScaleDeformableAttention/MultiScaleDeformableAttention.so: cannot open shared object file: No such file or directory
Could not load the custom kernel for multi-scale deformable attention: /home/liujianhua/.cache/torch_extensions/py312_cu121/MultiScaleDeformableAttention/MultiScaleDeformableAttention.so: cannot open shared object file: No such file or directory
Could not load the custom kernel for multi-scale deformable attention: /home/liujianhua/.cache/torch_extensions/py312_cu121/MultiScaleDeformableAttention/MultiScaleDeformableAttention.so: cannot open shared object file: No such file or directory
Could not load the custom kernel for multi-scale deformable attention: /home/liujianhua/.cache/torch_extensions/py312_cu121/MultiScaleDeformableAttention/MultiScaleDeformableAttention.so: cannot open shared object file: No such file or directory
Could not load the custom kernel for multi-scale deformable attention: /home/liujianhua/.cache/torch_extensions/py312_cu121/MultiScaleDeformableAttention/MultiScaleDeformableAttention.so: cannot open shared object file: No such file or directory
Could not load the custom kernel for multi-scale deformable attention: /home/liujianhua/.cache/torch_extensions/py312_cu121/MultiScaleDeformableAttention/MultiScaleDeformableAttention.so: cannot open shared object file: No such file or directory
Could not load the custom kernel for multi-scale deformable attention: /home/liujianhua/.cache/torch_extensions/py312_cu121/MultiScaleDeformableAttention/MultiScaleDeformableAttention.so: cannot open shared object file: No such file or directory
Could not load the custom kernel for multi-scale deformable attention: /home/liujianhua/.cache/torch_extensions/py312_cu121/MultiScaleDeformableAttention/MultiScaleDeformableAttention.so: cannot open shared object file: No such file or directory
Could not load the custom kernel for multi-scale deformable attention: /home/liujianhua/.cache/torch_extensions/py312_cu121/MultiScaleDeformableAttention/MultiScaleDeformableAttention.so: cannot open shared object file: No such file or directory
/home/wenchang/anaconda3/envs/python3.12-tk2-2.3/lib/python3.12/site-packages/torch/cuda/__init__.py:654: UserWarning: Can't initialize NVML
  warnings.warn("Can't initialize NVML")
Token indices sequence length is longer than the specified maximum sequence length for this model (545 > 512). Running this sequence through the model will result in indexing errors
/home/wenchang/asdasdsad/wjq/TOVD/shared/t013/venv/lib/python3.12/site-packages/imagecorruptions/corruptions.py:17: UserWarning: pkg_resources is deprecated as an API. See https://setuptools.pypa.io/en/latest/pkg_resources.html. The pkg_resources package is slated for removal as early as 2025-11-30. Refrain from using this package or pin to Setuptools<81.
  from pkg_resources import resource_filename
Traceback (most recent call last):
  File "<frozen runpy>", line 198, in _run_module_as_main
  File "<frozen runpy>", line 88, in _run_code
  File "/home/wenchang/asdasdsad/wjq/TOVD/releases/20260912-193240-tovd-t013-smoke-diagnostic/scripts/t013_smoke.py", line 80, in <module>
    main()
  File "/home/wenchang/asdasdsad/wjq/TOVD/releases/20260912-193240-tovd-t013-smoke-diagnostic/scripts/t013_smoke.py", line 63, in main
    raise AssertionError(f"256 vs 1024 capacity comparison: {comparison}")
AssertionError: 256 vs 1024 capacity comparison: {'boxes': {'exact': True, 'max_abs_delta_finite': 0.0}, 'class_scores': {'exact': False, 'max_abs_delta_finite': 9.313225746154785e-10}, 'top_query_ids': {'exact': True, 'max_abs_delta_finite': 0.0}, 'top_labels': {'exact': True, 'max_abs_delta_finite': 0.0}, 'top_scores': {'exact': True, 'max_abs_delta_finite': 0.0}, 'token_logits': {'exact': True, 'max_abs_delta_finite': 0.0}}
[autodl] finished_at=2026-09-12T19:33:21+08:00
[autodl] exit_code=1
