[autodl] run_id=20260912-195530-tovd-t013-native-parity
[autodl] started_at=2026-09-12T19:55:37+08:00
2026-09-12 19:55:40.217222: I tensorflow/core/util/port.cc:113] oneDNN custom operations are on. You may see slightly different numerical results due to floating-point round-off errors from different computation orders. To turn them off, set the environment variable `TF_ENABLE_ONEDNN_OPTS=0`.
2026-09-12 19:55:40.262433: I tensorflow/core/platform/cpu_feature_guard.cc:210] This TensorFlow binary is optimized to use available CPU instructions in performance-critical operations.
To enable the following instructions: AVX2 AVX512F AVX512_VNNI FMA, in other operations, rebuild TensorFlow with the appropriate compiler flags.
/home/wenchang/asdasdsad/wjq/TOVD/shared/t013/native/groundingdino/models/GroundingDINO/ms_deform_attn.py:31: UserWarning: Failed to load custom C++ ops. Running on CPU mode Only!
  warnings.warn("Failed to load custom C++ ops. Running on CPU mode Only!")
/home/wenchang/asdasdsad/wjq/TOVD/shared/t013/native/groundingdino/models/GroundingDINO/utils.py:61: SyntaxWarning: invalid escape sequence '\s'
  - memory: bs, \sum{hw}, d_model
Could not load the custom kernel for multi-scale deformable attention: CUDA_HOME environment variable is not set. Please set it to your CUDA install root.
Could not load the custom kernel for multi-scale deformable attention: /home/liujianhua/.cache/torch_extensions/py312_cu121/MultiScaleDeformableAttention/MultiScaleDeformableAttention.so: cannot open shared object file: No such file or directory
Could not load the custom kernel for multi-scale deformable attention: /home/liujianhua/.cache/torch_extensions/py312_cu121/MultiScaleDeformableAttention/MultiScaleDeformableAttention.so: cannot open shared object file: No such file or directory
Could not load the custom kernel for multi-scale deformable attention: /home/liujianhua/.cache/torch_extensions/py312_cu121/MultiScaleDeformableAttention/MultiScaleDeformableAttention.so: cannot open shared object file: No such file or directory
Could not load the custom kernel for multi-scale deformable attention: /home/liujianhua/.cache/torch_extensions/py312_cu121/MultiScaleDeformableAttention/MultiScaleDeformableAttention.so: cannot open shared object file: No such file or directory
Could not load the custom kernel for multi-scale deformable attention: /home/liujianhua/.cache/torch_extensions/py312_cu121/MultiScaleDeformableAttention/MultiScaleDeformableAttention.so: cannot open shared object file: No such file or directory
Could not load the custom kernel for multi-scale deformable attention: /home/liujianhua/.cache/torch_extensions/py312_cu121/MultiScaleDeformableAttention/MultiScaleDeformableAttention.so: cannot open shared object file: No such file or directory
Could not load the custom kernel for multi-scale deformable attention: /home/liujianhua/.cache/torch_extensions/py312_cu121/MultiScaleDeformableAttention/MultiScaleDeformableAttention.so: cannot open shared object file: No such file or directory
Could not load the custom kernel for multi-scale deformable attention: /home/liujianhua/.cache/torch_extensions/py312_cu121/MultiScaleDeformableAttention/MultiScaleDeformableAttention.so: cannot open shared object file: No such file or directory
Could not load the custom kernel for multi-scale deformable attention: /home/liujianhua/.cache/torch_extensions/py312_cu121/MultiScaleDeformableAttention/MultiScaleDeformableAttention.so: cannot open shared object file: No such file or directory
Could not load the custom kernel for multi-scale deformable attention: /home/liujianhua/.cache/torch_extensions/py312_cu121/MultiScaleDeformableAttention/MultiScaleDeformableAttention.so: cannot open shared object file: No such file or directory
Could not load the custom kernel for multi-scale deformable attention: /home/liujianhua/.cache/torch_extensions/py312_cu121/MultiScaleDeformableAttention/MultiScaleDeformableAttention.so: cannot open shared object file: No such file or directory
/home/wenchang/anaconda3/envs/python3.12-tk2-2.3/lib/python3.12/site-packages/torch/functional.py:513: UserWarning: torch.meshgrid: in an upcoming release, it will be required to pass the indexing argument. (Triggered internally at ../aten/src/ATen/native/TensorShape.cpp:3609.)
  return _VF.meshgrid(tensors, **kwargs)  # type: ignore[attr-defined]
final text_encoder_type: /home/wenchang/asdasdsad/wjq/TOVD/shared/t013/native_bert
Some weights of BertModel were not initialized from the model checkpoint at /home/wenchang/asdasdsad/wjq/TOVD/shared/t013/native_bert and are newly initialized: ['pooler.dense.bias', 'pooler.dense.weight']
You should probably TRAIN this model on a down-stream task to be able to use it for predictions and inference.
/home/wenchang/asdasdsad/wjq/TOVD/shared/t013/venv/lib/python3.12/site-packages/transformers/modeling_utils.py:1126: FutureWarning: The `device` argument is deprecated and will be removed in v5 of Transformers.
  warnings.warn(
/home/wenchang/anaconda3/envs/python3.12-tk2-2.3/lib/python3.12/site-packages/torch/_dynamo/eval_frame.py:600: UserWarning: torch.utils.checkpoint: the use_reentrant parameter should be passed explicitly. In version 2.4 we will raise an exception if use_reentrant is not passed. use_reentrant=False is recommended, but if you need to preserve the current default behavior, you can pass use_reentrant=True. Refer to docs for more details on the differences between the two variants.
  return fn(*args, **kwargs)
/home/wenchang/anaconda3/envs/python3.12-tk2-2.3/lib/python3.12/site-packages/torch/utils/checkpoint.py:92: UserWarning: None of the inputs have requires_grad=True. Gradients will be None
  warnings.warn(
/home/wenchang/asdasdsad/wjq/TOVD/shared/t013/native/groundingdino/models/GroundingDINO/transformer.py:862: FutureWarning: `torch.cuda.amp.autocast(args...)` is deprecated. Please use `torch.amp.autocast('cuda', args...)` instead.
  with torch.cuda.amp.autocast(enabled=False):
{"image_id": 139, "max_abs_normalized_box_error": 0.005758270621299744, "max_abs_canonical_score_error": 0.0013861777260899544, "hf_replay_exact": true, "pass": false}
{"image_id": 285, "max_abs_normalized_box_error": 0.6547528505325317, "max_abs_canonical_score_error": 0.00420332932844758, "hf_replay_exact": true, "pass": false}
{"image_id": 632, "max_abs_normalized_box_error": 0.0001596212387084961, "max_abs_canonical_score_error": 0.00020853057503700256, "hf_replay_exact": true, "pass": false}
Native/HF parity failed fixed Lead tolerance; stop for Lead review
[autodl] finished_at=2026-09-12T19:56:42+08:00
[autodl] exit_code=1
