[autodl] run_id=20260912-205852-tovd-coco-resume-final
[autodl] started_at=2026-09-12T20:59:01+08:00
annotations_trainval2017.parallel.zip: part 17 complete; 1/61
annotations_trainval2017.parallel.zip: part 7 complete; 2/61
annotations_trainval2017.parallel.zip: part 8 complete; 3/61
annotations_trainval2017.parallel.zip: part 6 complete; 4/61
annotations_trainval2017.parallel.zip: part 2 complete; 5/61
annotations_trainval2017.parallel.zip: part 15 complete; 6/61
annotations_trainval2017.parallel.zip: part 1 complete; 7/61
annotations_trainval2017.parallel.zip: part 13 complete; 8/61
annotations_trainval2017.parallel.zip: part 12 complete; 9/61
annotations_trainval2017.parallel.zip: part 21 complete; 10/61
annotations_trainval2017.parallel.zip: part 3 complete; 11/61
annotations_trainval2017.parallel.zip: part 16 complete; 12/61
annotations_trainval2017.parallel.zip: part 22 complete; 13/61
annotations_trainval2017.parallel.zip: part 14 complete; 14/61
annotations_trainval2017.parallel.zip: part 23 complete; 15/61
annotations_trainval2017.parallel.zip: part 20 complete; 16/61
annotations_trainval2017.parallel.zip: part 4 complete; 17/61
annotations_trainval2017.parallel.zip: part 9 complete; 18/61
annotations_trainval2017.parallel.zip: part 10 complete; 19/61
annotations_trainval2017.parallel.zip: part 19 complete; 20/61
annotations_trainval2017.parallel.zip: part 11 complete; 21/61
annotations_trainval2017.parallel.zip: part 18 complete; 22/61
annotations_trainval2017.parallel.zip: part 0 complete; 23/61
annotations_trainval2017.parallel.zip: part 5 complete; 24/61
annotations_trainval2017.parallel.zip: part 24 complete; 25/61
annotations_trainval2017.parallel.zip: part 26 complete; 26/61
annotations_trainval2017.parallel.zip: part 29 complete; 27/61
annotations_trainval2017.parallel.zip: part 28 complete; 28/61
annotations_trainval2017.parallel.zip: part 32 complete; 29/61
annotations_trainval2017.parallel.zip: part 27 complete; 30/61
annotations_trainval2017.parallel.zip: part 33 complete; 31/61
annotations_trainval2017.parallel.zip: part 31 complete; 32/61
annotations_trainval2017.parallel.zip: part 37 complete; 33/61
annotations_trainval2017.parallel.zip: part 38 complete; 34/61
annotations_trainval2017.parallel.zip: part 34 complete; 35/61
annotations_trainval2017.parallel.zip: part 30 complete; 36/61
annotations_trainval2017.parallel.zip: part 36 complete; 37/61
annotations_trainval2017.parallel.zip: part 42 complete; 38/61
annotations_trainval2017.parallel.zip: part 40 complete; 39/61
annotations_trainval2017.parallel.zip: part 39 complete; 40/61
annotations_trainval2017.parallel.zip: part 46 complete; 41/61
annotations_trainval2017.parallel.zip: part 44 complete; 42/61
annotations_trainval2017.parallel.zip: part 25 complete; 43/61
annotations_trainval2017.parallel.zip: part 49 complete; 44/61
annotations_trainval2017.parallel.zip: part 50 complete; 45/61
annotations_trainval2017.parallel.zip: part 48 complete; 46/61
annotations_trainval2017.parallel.zip: part 51 complete; 47/61
annotations_trainval2017.parallel.zip: part 43 complete; 48/61
annotations_trainval2017.parallel.zip: part 54 complete; 49/61
annotations_trainval2017.parallel.zip: part 35 complete; 50/61
annotations_trainval2017.parallel.zip: part 41 complete; 51/61
annotations_trainval2017.parallel.zip: part 53 complete; 52/61
annotations_trainval2017.parallel.zip: part 58 complete; 53/61
annotations_trainval2017.parallel.zip: part 56 complete; 54/61
annotations_trainval2017.parallel.zip: part 57 complete; 55/61
annotations_trainval2017.parallel.zip: part 55 complete; 56/61
annotations_trainval2017.parallel.zip: part 52 complete; 57/61
annotations_trainval2017.parallel.zip: part 59 complete; 58/61
annotations_trainval2017.parallel.zip: part 45 complete; 59/61
annotations_trainval2017.parallel.zip: part 60 complete; 60/61
annotations_trainval2017.parallel.zip: part 47 complete; 61/61
{"url": "http://images.cocodataset.org/annotations/annotations_trainval2017.zip", "path": "/home/wenchang/asdasdsad/wjq/TOVD/shared/t013/coco/annotations_trainval2017.parallel.zip", "size": 252907541, "etag": "\"f4bbac642086de4f52a3fdda2de5fa2c\"", "sha256": "113a836d90195ee1f884e704da6304dfaaecff1f023f49b6ca93c4aaae470268", "zip_crc_all_entries_passed": true, "connections": 8}
val2017.parallel.zip: part 18 complete; 1/195
val2017.parallel.zip: part 14 complete; 2/195
val2017.parallel.zip: part 3 complete; 3/195
val2017.parallel.zip: part 6 complete; 4/195
val2017.parallel.zip: part 4 complete; 5/195
val2017.parallel.zip: part 2 complete; 6/195
val2017.parallel.zip: part 10 complete; 7/195
val2017.parallel.zip: part 9 complete; 8/195
val2017.parallel.zip: part 13 complete; 9/195
val2017.parallel.zip: part 0 complete; 10/195
val2017.parallel.zip: part 5 complete; 11/195
val2017.parallel.zip: part 1 complete; 12/195
val2017.parallel.zip: part 11 complete; 13/195
val2017.parallel.zip: part 12 complete; 14/195
val2017.parallel.zip: part 16 complete; 15/195
val2017.parallel.zip: part 7 complete; 16/195
val2017.parallel.zip: part 15 complete; 17/195
val2017.parallel.zip: part 8 complete; 18/195
val2017.parallel.zip: part 17 complete; 19/195
val2017.parallel.zip: part 19 complete; 20/195
val2017.parallel.zip: part 21 complete; 21/195
val2017.parallel.zip: part 23 complete; 22/195
val2017.parallel.zip: part 25 complete; 23/195
val2017.parallel.zip: part 26 complete; 24/195
val2017.parallel.zip: part 20 complete; 25/195
val2017.parallel.zip: part 27 complete; 26/195
val2017.parallel.zip: part 22 complete; 27/195
val2017.parallel.zip: part 30 complete; 28/195
val2017.parallel.zip: part 29 complete; 29/195
val2017.parallel.zip: part 33 complete; 30/195
val2017.parallel.zip: part 32 complete; 31/195
val2017.parallel.zip: part 31 complete; 32/195
val2017.parallel.zip: part 36 complete; 33/195
val2017.parallel.zip: part 37 complete; 34/195
val2017.parallel.zip: part 35 complete; 35/195
val2017.parallel.zip: part 34 complete; 36/195
val2017.parallel.zip: part 42 complete; 37/195
val2017.parallel.zip: part 43 complete; 38/195
val2017.parallel.zip: part 41 complete; 39/195
val2017.parallel.zip: part 45 complete; 40/195
val2017.parallel.zip: part 40 complete; 41/195
val2017.parallel.zip: part 38 complete; 42/195
val2017.parallel.zip: part 28 complete; 43/195
val2017.parallel.zip: part 47 complete; 44/195
val2017.parallel.zip: part 50 complete; 45/195
val2017.parallel.zip: part 44 complete; 46/195
val2017.parallel.zip: part 49 complete; 47/195
val2017.parallel.zip: part 48 complete; 48/195
val2017.parallel.zip: part 24 complete; 49/195
val2017.parallel.zip: part 56 complete; 50/195
val2017.parallel.zip: part 57 complete; 51/195
val2017.parallel.zip: part 55 complete; 52/195
val2017.parallel.zip: part 39 complete; 53/195
val2017.parallel.zip: part 54 complete; 54/195
val2017.parallel.zip: part 61 complete; 55/195
val2017.parallel.zip: part 59 complete; 56/195
val2017.parallel.zip: part 51 complete; 57/195
val2017.parallel.zip: part 64 complete; 58/195
val2017.parallel.zip: part 65 complete; 59/195
val2017.parallel.zip: part 63 complete; 60/195
val2017.parallel.zip: part 46 complete; 61/195
val2017.parallel.zip: part 58 complete; 62/195
val2017.parallel.zip: part 52 complete; 63/195
val2017.parallel.zip: part 70 complete; 64/195
val2017.parallel.zip: part 71 complete; 65/195
val2017.parallel.zip: part 72 complete; 66/195
val2017.parallel.zip: part 66 complete; 67/195
val2017.parallel.zip: part 68 complete; 68/195
val2017.parallel.zip: part 69 complete; 69/195
val2017.parallel.zip: part 62 complete; 70/195
val2017.parallel.zip: part 67 complete; 71/195
val2017.parallel.zip: part 78 complete; 72/195
val2017.parallel.zip: part 77 complete; 73/195
val2017.parallel.zip: part 80 complete; 74/195
val2017.parallel.zip: part 60 complete; 75/195
val2017.parallel.zip: part 75 complete; 76/195
val2017.parallel.zip: part 73 complete; 77/195
val2017.parallel.zip: part 74 complete; 78/195
val2017.parallel.zip: part 53 complete; 79/195
val2017.parallel.zip: part 86 complete; 80/195
val2017.parallel.zip: part 87 complete; 81/195
val2017.parallel.zip: part 88 complete; 82/195
val2017.parallel.zip: part 79 complete; 83/195
val2017.parallel.zip: part 90 complete; 84/195
val2017.parallel.zip: part 89 complete; 85/195
val2017.parallel.zip: part 92 complete; 86/195
val2017.parallel.zip: part 93 complete; 87/195
val2017.parallel.zip: part 91 complete; 88/195
val2017.parallel.zip: part 84 complete; 89/195
val2017.parallel.zip: part 76 complete; 90/195
val2017.parallel.zip: part 82 complete; 91/195
val2017.parallel.zip: part 85 complete; 92/195
val2017.parallel.zip: part 99 complete; 93/195
val2017.parallel.zip: part 100 complete; 94/195
val2017.parallel.zip: part 101 complete; 95/195
val2017.parallel.zip: part 83 complete; 96/195
val2017.parallel.zip: part 98 complete; 97/195
val2017.parallel.zip: part 102 complete; 98/195
val2017.parallel.zip: part 105 complete; 99/195
val2017.parallel.zip: part 96 complete; 100/195
val2017.parallel.zip: part 81 complete; 101/195
val2017.parallel.zip: part 108 complete; 102/195
val2017.parallel.zip: part 109 complete; 103/195
val2017.parallel.zip: part 110 complete; 104/195
val2017.parallel.zip: part 111 complete; 105/195
val2017.parallel.zip: part 107 complete; 106/195
val2017.parallel.zip: part 97 complete; 107/195
val2017.parallel.zip: part 106 complete; 108/195
val2017.parallel.zip: part 115 complete; 109/195
val2017.parallel.zip: part 116 complete; 110/195
val2017.parallel.zip: part 104 complete; 111/195
val2017.parallel.zip: part 94 complete; 112/195
val2017.parallel.zip: part 95 complete; 113/195
val2017.parallel.zip: part 117 complete; 114/195
val2017.parallel.zip: part 103 complete; 115/195
val2017.parallel.zip: part 122 complete; 116/195
val2017.parallel.zip: part 118 complete; 117/195
val2017.parallel.zip: part 120 complete; 118/195
val2017.parallel.zip: part 121 complete; 119/195
val2017.parallel.zip: part 114 complete; 120/195
val2017.parallel.zip: part 125 complete; 121/195
val2017.parallel.zip: part 128 complete; 122/195
val2017.parallel.zip: part 112 complete; 123/195
val2017.parallel.zip: part 119 complete; 124/195
val2017.parallel.zip: part 131 complete; 125/195
val2017.parallel.zip: part 132 complete; 126/195
val2017.parallel.zip: part 133 complete; 127/195
val2017.parallel.zip: part 134 complete; 128/195
val2017.parallel.zip: part 123 complete; 129/195
val2017.parallel.zip: part 136 complete; 130/195
val2017.parallel.zip: part 137 complete; 131/195
val2017.parallel.zip: part 135 complete; 132/195
val2017.parallel.zip: part 139 complete; 133/195
val2017.parallel.zip: part 140 complete; 134/195
val2017.parallel.zip: part 141 complete; 135/195
val2017.parallel.zip: part 124 complete; 136/195
val2017.parallel.zip: part 143 complete; 137/195
val2017.parallel.zip: part 144 complete; 138/195
val2017.parallel.zip: part 145 complete; 139/195
val2017.parallel.zip: part 129 complete; 140/195
val2017.parallel.zip: part 126 complete; 141/195
val2017.parallel.zip: part 113 complete; 142/195
val2017.parallel.zip: part 138 complete; 143/195
val2017.parallel.zip: part 150 complete; 144/195
val2017.parallel.zip: part 151 complete; 145/195
val2017.parallel.zip: part 146 complete; 146/195
val2017.parallel.zip: part 152 complete; 147/195
val2017.parallel.zip: part 147 complete; 148/195
val2017.parallel.zip: part 142 complete; 149/195
val2017.parallel.zip: part 149 complete; 150/195
val2017.parallel.zip: part 153 complete; 151/195
val2017.parallel.zip: part 130 complete; 152/195
val2017.parallel.zip: part 156 complete; 153/195
val2017.parallel.zip: part 160 complete; 154/195
val2017.parallel.zip: part 159 complete; 155/195
val2017.parallel.zip: part 158 complete; 156/195
val2017.parallel.zip: part 154 complete; 157/195
val2017.parallel.zip: part 164 complete; 158/195
val2017.parallel.zip: part 165 complete; 159/195
val2017.parallel.zip: part 166 complete; 160/195
val2017.parallel.zip: part 163 complete; 161/195
val2017.parallel.zip: part 148 complete; 162/195
val2017.parallel.zip: part 127 complete; 163/195
val2017.parallel.zip: part 167 complete; 164/195
val2017.parallel.zip: part 168 complete; 165/195
val2017.parallel.zip: part 172 complete; 166/195
val2017.parallel.zip: part 173 complete; 167/195
val2017.parallel.zip: part 174 complete; 168/195
val2017.parallel.zip: part 155 complete; 169/195
val2017.parallel.zip: part 162 complete; 170/195
val2017.parallel.zip: part 175 complete; 171/195
val2017.parallel.zip: part 170 complete; 172/195
val2017.parallel.zip: part 178 complete; 173/195
val2017.parallel.zip: part 171 complete; 174/195
val2017.parallel.zip: part 177 complete; 175/195
val2017.parallel.zip: part 176 complete; 176/195
val2017.parallel.zip: part 169 complete; 177/195
val2017.parallel.zip: part 184 complete; 178/195
val2017.parallel.zip: part 180 complete; 179/195
val2017.parallel.zip: part 182 complete; 180/195
val2017.parallel.zip: part 186 complete; 181/195
val2017.parallel.zip: part 188 complete; 182/195
val2017.parallel.zip: part 185 complete; 183/195
val2017.parallel.zip: part 189 complete; 184/195
val2017.parallel.zip: part 183 complete; 185/195
val2017.parallel.zip: part 157 complete; 186/195
val2017.parallel.zip: part 191 complete; 187/195
val2017.parallel.zip: part 194 complete; 188/195
val2017.parallel.zip: part 192 complete; 189/195
val2017.parallel.zip: part 179 complete; 190/195
val2017.parallel.zip: part 193 complete; 191/195
val2017.parallel.zip: part 190 complete; 192/195
val2017.parallel.zip: part 187 complete; 193/195
val2017.parallel.zip: part 181 complete; 194/195
val2017.parallel.zip: part 161 complete; 195/195
{"url": "http://images.cocodataset.org/zips/val2017.zip", "path": "/home/wenchang/asdasdsad/wjq/TOVD/shared/t013/coco/val2017.parallel.zip", "size": 815585330, "etag": "\"d366be60d3dc737327160d62453e3973-98\"", "sha256": "4f7e2ccb2866ec5041993c9cf2a952bbed69647b115d0f74da7ce8f4bef82f05", "zip_crc_all_entries_passed": true, "connections": 8}
{"downloads": [{"url": "http://images.cocodataset.org/annotations/annotations_trainval2017.zip", "path": "/home/wenchang/asdasdsad/wjq/TOVD/shared/t013/coco/annotations_trainval2017.parallel.zip", "size": 252907541, "etag": "\"f4bbac642086de4f52a3fdda2de5fa2c\"", "sha256": "113a836d90195ee1f884e704da6304dfaaecff1f023f49b6ca93c4aaae470268", "zip_crc_all_entries_passed": true, "connections": 8}, {"url": "http://images.cocodataset.org/zips/val2017.zip", "path": "/home/wenchang/asdasdsad/wjq/TOVD/shared/t013/coco/val2017.parallel.zip", "size": 815585330, "etag": "\"d366be60d3dc737327160d62453e3973-98\"", "sha256": "4f7e2ccb2866ec5041993c9cf2a952bbed69647b115d0f74da7ce8f4bef82f05", "zip_crc_all_entries_passed": true, "connections": 8}], "image_count": 5000, "annotations_sha256": "e8c7f7908f1d7278341fae127d0da654f102f11bd7b21d8aeefa635b8c810b6f", "image_manifest_sha256": "38eb39894b8c0f1924e099b3a1ec0b885fdf7ec43c86933e1dc28186d85c3ba8"}
[autodl] finished_at=2026-09-12T20:59:42+08:00
[autodl] exit_code=0
